// Jest Snapshot v1, https://goo.gl/fbAQLP

exports[`Footer snapshot renders should render correctly mode 1`] = `
<footer>
  <p>
    Copyright Â© 2019
  </p>
</footer>
`;
